Vivado Simulator 2020.2
Time resolution is 1 ps
  0 ns : a= 0 b= 0 -> c_out=0 sum= 0  ( 0)
 10 ns : a= 0 b= 1 -> c_out=0 sum= 1  ( 1)
 20 ns : a= 0 b= 2 -> c_out=0 sum= 2  ( 2)
 30 ns : a= 0 b= 3 -> c_out=0 sum= 3  ( 3)
 40 ns : a= 0 b= 4 -> c_out=0 sum= 4  ( 4)
 50 ns : a= 0 b= 5 -> c_out=0 sum= 5  ( 5)
 60 ns : a= 0 b= 6 -> c_out=0 sum= 6  ( 6)
 70 ns : a= 0 b= 7 -> c_out=0 sum= 7  ( 7)
 80 ns : a= 0 b= 8 -> c_out=0 sum= 8  ( 8)
 90 ns : a= 0 b= 9 -> c_out=0 sum= 9  ( 9)
100 ns : a= 0 b=10 -> c_out=0 sum=10  (10)
110 ns : a= 0 b=11 -> c_out=0 sum=11  (11)
120 ns : a= 0 b=12 -> c_out=0 sum=12  (12)
130 ns : a= 0 b=13 -> c_out=0 sum=13  (13)
140 ns : a= 0 b=14 -> c_out=0 sum=14  (14)
150 ns : a= 0 b=15 -> c_out=0 sum=15  (15)
160 ns : a= 1 b= 0 -> c_out=0 sum= 1  ( 1)
170 ns : a= 1 b= 1 -> c_out=0 sum= 2  ( 2)
180 ns : a= 1 b= 2 -> c_out=0 sum= 3  ( 3)
190 ns : a= 1 b= 3 -> c_out=0 sum= 4  ( 4)
200 ns : a= 1 b= 4 -> c_out=0 sum= 5  ( 5)
210 ns : a= 1 b= 5 -> c_out=0 sum= 6  ( 6)
220 ns : a= 1 b= 6 -> c_out=0 sum= 7  ( 7)
230 ns : a= 1 b= 7 -> c_out=0 sum= 8  ( 8)
240 ns : a= 1 b= 8 -> c_out=0 sum= 9  ( 9)
250 ns : a= 1 b= 9 -> c_out=0 sum=10  (10)
260 ns : a= 1 b=10 -> c_out=0 sum=11  (11)
270 ns : a= 1 b=11 -> c_out=0 sum=12  (12)
280 ns : a= 1 b=12 -> c_out=0 sum=13  (13)
290 ns : a= 1 b=13 -> c_out=0 sum=14  (14)
300 ns : a= 1 b=14 -> c_out=0 sum=15  (15)
310 ns : a= 1 b=15 -> c_out=1 sum= 0  (16)
320 ns : a= 2 b= 0 -> c_out=0 sum= 2  ( 2)
330 ns : a= 2 b= 1 -> c_out=0 sum= 3  ( 3)
340 ns : a= 2 b= 2 -> c_out=0 sum= 4  ( 4)
350 ns : a= 2 b= 3 -> c_out=0 sum= 5  ( 5)
360 ns : a= 2 b= 4 -> c_out=0 sum= 6  ( 6)
370 ns : a= 2 b= 5 -> c_out=0 sum= 7  ( 7)
380 ns : a= 2 b= 6 -> c_out=0 sum= 8  ( 8)
390 ns : a= 2 b= 7 -> c_out=0 sum= 9  ( 9)
400 ns : a= 2 b= 8 -> c_out=0 sum=10  (10)
410 ns : a= 2 b= 9 -> c_out=0 sum=11  (11)
420 ns : a= 2 b=10 -> c_out=0 sum=12  (12)
430 ns : a= 2 b=11 -> c_out=0 sum=13  (13)
440 ns : a= 2 b=12 -> c_out=0 sum=14  (14)
450 ns : a= 2 b=13 -> c_out=0 sum=15  (15)
460 ns : a= 2 b=14 -> c_out=1 sum= 0  (16)
470 ns : a= 2 b=15 -> c_out=1 sum= 1  (17)
480 ns : a= 3 b= 0 -> c_out=0 sum= 3  ( 3)
490 ns : a= 3 b= 1 -> c_out=0 sum= 4  ( 4)
500 ns : a= 3 b= 2 -> c_out=0 sum= 5  ( 5)
510 ns : a= 3 b= 3 -> c_out=0 sum= 6  ( 6)
520 ns : a= 3 b= 4 -> c_out=0 sum= 7  ( 7)
530 ns : a= 3 b= 5 -> c_out=0 sum= 8  ( 8)
540 ns : a= 3 b= 6 -> c_out=0 sum= 9  ( 9)
550 ns : a= 3 b= 7 -> c_out=0 sum=10  (10)
560 ns : a= 3 b= 8 -> c_out=0 sum=11  (11)
570 ns : a= 3 b= 9 -> c_out=0 sum=12  (12)
580 ns : a= 3 b=10 -> c_out=0 sum=13  (13)
590 ns : a= 3 b=11 -> c_out=0 sum=14  (14)
600 ns : a= 3 b=12 -> c_out=0 sum=15  (15)
610 ns : a= 3 b=13 -> c_out=1 sum= 0  (16)
620 ns : a= 3 b=14 -> c_out=1 sum= 1  (17)
630 ns : a= 3 b=15 -> c_out=1 sum= 2  (18)
640 ns : a= 4 b= 0 -> c_out=0 sum= 4  ( 4)
650 ns : a= 4 b= 1 -> c_out=0 sum= 5  ( 5)
660 ns : a= 4 b= 2 -> c_out=0 sum= 6  ( 6)
670 ns : a= 4 b= 3 -> c_out=0 sum= 7  ( 7)
680 ns : a= 4 b= 4 -> c_out=0 sum= 8  ( 8)
690 ns : a= 4 b= 5 -> c_out=0 sum= 9  ( 9)
700 ns : a= 4 b= 6 -> c_out=0 sum=10  (10)
710 ns : a= 4 b= 7 -> c_out=0 sum=11  (11)
720 ns : a= 4 b= 8 -> c_out=0 sum=12  (12)
730 ns : a= 4 b= 9 -> c_out=0 sum=13  (13)
740 ns : a= 4 b=10 -> c_out=0 sum=14  (14)
750 ns : a= 4 b=11 -> c_out=0 sum=15  (15)
760 ns : a= 4 b=12 -> c_out=1 sum= 0  (16)
770 ns : a= 4 b=13 -> c_out=1 sum= 1  (17)
780 ns : a= 4 b=14 -> c_out=1 sum= 2  (18)
790 ns : a= 4 b=15 -> c_out=1 sum= 3  (19)
800 ns : a= 5 b= 0 -> c_out=0 sum= 5  ( 5)
810 ns : a= 5 b= 1 -> c_out=0 sum= 6  ( 6)
820 ns : a= 5 b= 2 -> c_out=0 sum= 7  ( 7)
830 ns : a= 5 b= 3 -> c_out=0 sum= 8  ( 8)
840 ns : a= 5 b= 4 -> c_out=0 sum= 9  ( 9)
850 ns : a= 5 b= 5 -> c_out=0 sum=10  (10)
860 ns : a= 5 b= 6 -> c_out=0 sum=11  (11)
870 ns : a= 5 b= 7 -> c_out=0 sum=12  (12)
880 ns : a= 5 b= 8 -> c_out=0 sum=13  (13)
890 ns : a= 5 b= 9 -> c_out=0 sum=14  (14)
900 ns : a= 5 b=10 -> c_out=0 sum=15  (15)
910 ns : a= 5 b=11 -> c_out=1 sum= 0  (16)
920 ns : a= 5 b=12 -> c_out=1 sum= 1  (17)
930 ns : a= 5 b=13 -> c_out=1 sum= 2  (18)
940 ns : a= 5 b=14 -> c_out=1 sum= 3  (19)
950 ns : a= 5 b=15 -> c_out=1 sum= 4  (20)
960 ns : a= 6 b= 0 -> c_out=0 sum= 6  ( 6)
970 ns : a= 6 b= 1 -> c_out=0 sum= 7  ( 7)
980 ns : a= 6 b= 2 -> c_out=0 sum= 8  ( 8)
990 ns : a= 6 b= 3 -> c_out=0 sum= 9  ( 9)
1000 ns : a= 6 b= 4 -> c_out=0 sum=10  (10)
1010 ns : a= 6 b= 5 -> c_out=0 sum=11  (11)
1020 ns : a= 6 b= 6 -> c_out=0 sum=12  (12)
1030 ns : a= 6 b= 7 -> c_out=0 sum=13  (13)
1040 ns : a= 6 b= 8 -> c_out=0 sum=14  (14)
1050 ns : a= 6 b= 9 -> c_out=0 sum=15  (15)
1060 ns : a= 6 b=10 -> c_out=1 sum= 0  (16)
1070 ns : a= 6 b=11 -> c_out=1 sum= 1  (17)
1080 ns : a= 6 b=12 -> c_out=1 sum= 2  (18)
1090 ns : a= 6 b=13 -> c_out=1 sum= 3  (19)
1100 ns : a= 6 b=14 -> c_out=1 sum= 4  (20)
1110 ns : a= 6 b=15 -> c_out=1 sum= 5  (21)
1120 ns : a= 7 b= 0 -> c_out=0 sum= 7  ( 7)
1130 ns : a= 7 b= 1 -> c_out=0 sum= 8  ( 8)
1140 ns : a= 7 b= 2 -> c_out=0 sum= 9  ( 9)
1150 ns : a= 7 b= 3 -> c_out=0 sum=10  (10)
1160 ns : a= 7 b= 4 -> c_out=0 sum=11  (11)
1170 ns : a= 7 b= 5 -> c_out=0 sum=12  (12)
1180 ns : a= 7 b= 6 -> c_out=0 sum=13  (13)
1190 ns : a= 7 b= 7 -> c_out=0 sum=14  (14)
1200 ns : a= 7 b= 8 -> c_out=0 sum=15  (15)
1210 ns : a= 7 b= 9 -> c_out=1 sum= 0  (16)
1220 ns : a= 7 b=10 -> c_out=1 sum= 1  (17)
1230 ns : a= 7 b=11 -> c_out=1 sum= 2  (18)
1240 ns : a= 7 b=12 -> c_out=1 sum= 3  (19)
1250 ns : a= 7 b=13 -> c_out=1 sum= 4  (20)
1260 ns : a= 7 b=14 -> c_out=1 sum= 5  (21)
1270 ns : a= 7 b=15 -> c_out=1 sum= 6  (22)
1280 ns : a= 8 b= 0 -> c_out=0 sum= 8  ( 8)
1290 ns : a= 8 b= 1 -> c_out=0 sum= 9  ( 9)
1300 ns : a= 8 b= 2 -> c_out=0 sum=10  (10)
1310 ns : a= 8 b= 3 -> c_out=0 sum=11  (11)
1320 ns : a= 8 b= 4 -> c_out=0 sum=12  (12)
1330 ns : a= 8 b= 5 -> c_out=0 sum=13  (13)
1340 ns : a= 8 b= 6 -> c_out=0 sum=14  (14)
1350 ns : a= 8 b= 7 -> c_out=0 sum=15  (15)
1360 ns : a= 8 b= 8 -> c_out=1 sum= 0  (16)
1370 ns : a= 8 b= 9 -> c_out=1 sum= 1  (17)
1380 ns : a= 8 b=10 -> c_out=1 sum= 2  (18)
1390 ns : a= 8 b=11 -> c_out=1 sum= 3  (19)
1400 ns : a= 8 b=12 -> c_out=1 sum= 4  (20)
1410 ns : a= 8 b=13 -> c_out=1 sum= 5  (21)
1420 ns : a= 8 b=14 -> c_out=1 sum= 6  (22)
1430 ns : a= 8 b=15 -> c_out=1 sum= 7  (23)
1440 ns : a= 9 b= 0 -> c_out=0 sum= 9  ( 9)
1450 ns : a= 9 b= 1 -> c_out=0 sum=10  (10)
1460 ns : a= 9 b= 2 -> c_out=0 sum=11  (11)
1470 ns : a= 9 b= 3 -> c_out=0 sum=12  (12)
1480 ns : a= 9 b= 4 -> c_out=0 sum=13  (13)
1490 ns : a= 9 b= 5 -> c_out=0 sum=14  (14)
1500 ns : a= 9 b= 6 -> c_out=0 sum=15  (15)
1510 ns : a= 9 b= 7 -> c_out=1 sum= 0  (16)
1520 ns : a= 9 b= 8 -> c_out=1 sum= 1  (17)
1530 ns : a= 9 b= 9 -> c_out=1 sum= 2  (18)
1540 ns : a= 9 b=10 -> c_out=1 sum= 3  (19)
1550 ns : a= 9 b=11 -> c_out=1 sum= 4  (20)
1560 ns : a= 9 b=12 -> c_out=1 sum= 5  (21)
1570 ns : a= 9 b=13 -> c_out=1 sum= 6  (22)
1580 ns : a= 9 b=14 -> c_out=1 sum= 7  (23)
1590 ns : a= 9 b=15 -> c_out=1 sum= 8  (24)
1600 ns : a=10 b= 0 -> c_out=0 sum=10  (10)
1610 ns : a=10 b= 1 -> c_out=0 sum=11  (11)
1620 ns : a=10 b= 2 -> c_out=0 sum=12  (12)
1630 ns : a=10 b= 3 -> c_out=0 sum=13  (13)
1640 ns : a=10 b= 4 -> c_out=0 sum=14  (14)
1650 ns : a=10 b= 5 -> c_out=0 sum=15  (15)
1660 ns : a=10 b= 6 -> c_out=1 sum= 0  (16)
1670 ns : a=10 b= 7 -> c_out=1 sum= 1  (17)
1680 ns : a=10 b= 8 -> c_out=1 sum= 2  (18)
1690 ns : a=10 b= 9 -> c_out=1 sum= 3  (19)
1700 ns : a=10 b=10 -> c_out=1 sum= 4  (20)
1710 ns : a=10 b=11 -> c_out=1 sum= 5  (21)
1720 ns : a=10 b=12 -> c_out=1 sum= 6  (22)
1730 ns : a=10 b=13 -> c_out=1 sum= 7  (23)
1740 ns : a=10 b=14 -> c_out=1 sum= 8  (24)
1750 ns : a=10 b=15 -> c_out=1 sum= 9  (25)
1760 ns : a=11 b= 0 -> c_out=0 sum=11  (11)
1770 ns : a=11 b= 1 -> c_out=0 sum=12  (12)
1780 ns : a=11 b= 2 -> c_out=0 sum=13  (13)
1790 ns : a=11 b= 3 -> c_out=0 sum=14  (14)
1800 ns : a=11 b= 4 -> c_out=0 sum=15  (15)
1810 ns : a=11 b= 5 -> c_out=1 sum= 0  (16)
1820 ns : a=11 b= 6 -> c_out=1 sum= 1  (17)
1830 ns : a=11 b= 7 -> c_out=1 sum= 2  (18)
1840 ns : a=11 b= 8 -> c_out=1 sum= 3  (19)
1850 ns : a=11 b= 9 -> c_out=1 sum= 4  (20)
1860 ns : a=11 b=10 -> c_out=1 sum= 5  (21)
1870 ns : a=11 b